[
  {
    "UserId": 2,
    "Id": 11,
    "Title": "quam nostrum impedit mollitia quod et dolor",
    "Photos": [
      {
        "Id": 501,
        "Title": "asperiores exercitationem voluptates qui amet quae necessitatibus facere",
        "Uri": "https://via.placeholder.com/600/cda4c0",
        "ThumbnailUri": "https://via.placeholder.com/150/cda4c0"
      },
      {
        "Id": 502,
        "Title": "omnis qui sit et",
        "Uri": "https://via.placeholder.com/600/74e371",
        "ThumbnailUri": "https://via.placeholder.com/150/74e371"
      }
    ]
  },
  {
    "UserId": 2,
    "Id": 12,
    "Title": "consequatur autem doloribus natus consectetur",
    "Photos": [
      {
        "Id": 551,
        "Title": "eveniet debitis nihil",
        "Uri": "https://via.placeholder.com/600/21e334",
        "ThumbnailUri": "https://via.placeholder.com/150/21e334"
      },
      {
        "Id": 552,
        "Title": "odit culpa optio nesciunt",
        "Uri": "https://via.placeholder.com/600/b56655",
        "ThumbnailUri": "https://via.placeholder.com/150/b56655"
      }
    ]
  }
]